{"errorMessage": "'ream_short'", "errorType": "KeyError", "stackTrace": ["  File \"/var/task/lambda_function.py\", line 174, in lambda_handler\n    player_info['xrl_team'] = user['ream_short']\n"]}